// Jest Snapshot v1, https://goo.gl/fbAQLP

exports[`SplitText should break text as in the captured snapshot 1`] = `
<div>
  <span
    style="display: block;"
  >
    <span
      style="display: block;"
    >
      <span
        style="white-space: pre;"
      >
        <span>
          L
        </span>
        <span>
          o
        </span>
        <span>
          r
        </span>
        <span>
          e
        </span>
        <span>
          m
        </span>
        <span>
           
        </span>
      </span>
      <span
        style="white-space: pre;"
      >
        <span>
          i
        </span>
        <span>
          p
        </span>
        <span>
          s
        </span>
        <span>
          u
        </span>
        <span>
          m
        </span>
        <span>
           
        </span>
      </span>
      <span
        style="white-space: pre;"
      >
        <span>
          d
        </span>
        <span>
          o
        </span>
        <span>
          l
        </span>
        <span>
          o
        </span>
        <span>
          r
        </span>
        <span>
           
        </span>
      </span>
      <span
        style="white-space: pre;"
      >
        <span>
          s
        </span>
        <span>
          i
        </span>
        <span>
          t
        </span>
        <span>
           
        </span>
      </span>
      <span
        style="white-space: pre;"
      >
        <span>
          a
        </span>
        <span>
          m
        </span>
        <span>
          e
        </span>
        <span>
          t
        </span>
        <span>
          ,
        </span>
        <span>
           
        </span>
      </span>
      <span
        style="white-space: pre;"
      >
        <span>
          c
        </span>
        <span>
          o
        </span>
        <span>
          n
        </span>
        <span>
          s
        </span>
        <span>
          e
        </span>
        <span>
          c
        </span>
        <span>
          t
        </span>
        <span>
          e
        </span>
        <span>
          t
        </span>
        <span>
          u
        </span>
        <span>
          r
        </span>
        <span>
           
        </span>
      </span>
      <span
        style="white-space: pre;"
      >
        <span>
          a
        </span>
        <span>
          d
        </span>
        <span>
          i
        </span>
        <span>
          p
        </span>
        <span>
          i
        </span>
        <span>
          s
        </span>
        <span>
          c
        </span>
        <span>
          i
        </span>
        <span>
          n
        </span>
        <span>
          g
        </span>
        <span>
           
        </span>
      </span>
      <span
        style="white-space: pre;"
      >
        <span>
          e
        </span>
        <span>
          l
        </span>
        <span>
          i
        </span>
        <span>
          t
        </span>
        <span>
          .
        </span>
        <span>
           
        </span>
      </span>
      <span
        style="white-space: pre;"
      >
        <span>
          E
        </span>
        <span>
          t
        </span>
        <span>
          i
        </span>
        <span>
          a
        </span>
        <span>
          m
        </span>
        <span>
           
        </span>
      </span>
      <span
        style="white-space: pre;"
      >
        <span>
          a
        </span>
        <span>
          c
        </span>
        <span>
           
        </span>
      </span>
      <span
        style="white-space: pre;"
      >
        <span>
          u
        </span>
        <span>
          r
        </span>
        <span>
          n
        </span>
        <span>
          a
        </span>
        <span>
           
        </span>
      </span>
      <span
        style="white-space: pre;"
      >
        <span>
          h
        </span>
        <span>
          e
        </span>
        <span>
          n
        </span>
        <span>
          d
        </span>
        <span>
          r
        </span>
        <span>
          e
        </span>
        <span>
          r
        </span>
        <span>
          i
        </span>
        <span>
          t
        </span>
        <span>
          ,
        </span>
        <span>
           
        </span>
      </span>
      <span
        style="white-space: pre;"
      >
        <span>
          a
        </span>
        <span>
          l
        </span>
        <span>
          i
        </span>
        <span>
          q
        </span>
        <span>
          u
        </span>
        <span>
          e
        </span>
        <span>
          t
        </span>
        <span>
           
        </span>
      </span>
      <span
        style="white-space: pre;"
      >
        <span>
          q
        </span>
        <span>
          u
        </span>
        <span>
          a
        </span>
        <span>
          m
        </span>
        <span>
           
        </span>
      </span>
      <span
        style="white-space: pre;"
      >
        <span>
          e
        </span>
        <span>
          g
        </span>
        <span>
          e
        </span>
        <span>
          t
        </span>
        <span>
          ,
        </span>
        <span>
           
        </span>
      </span>
      <span
        style="white-space: pre;"
      >
        <span>
          f
        </span>
        <span>
          a
        </span>
        <span>
          u
        </span>
        <span>
          c
        </span>
        <span>
          i
        </span>
        <span>
          b
        </span>
        <span>
          u
        </span>
        <span>
          s
        </span>
        <span>
           
        </span>
      </span>
      <span
        style="white-space: pre;"
      >
        <span>
          l
        </span>
        <span>
          e
        </span>
        <span>
          c
        </span>
        <span>
          t
        </span>
        <span>
          u
        </span>
        <span>
          s
        </span>
        <span>
          .
        </span>
      </span>
    </span>
  </span>
</div>
`;
